<?xml version="1.0"?>
<link_info>
   <banner>TI ARM Linker PC v15.12.3.LTS</banner>
   <copyright>Copyright (c) 1996-2015 Texas Instruments Incorporated</copyright>
   <link_time>0x58532e13</link_time>
   <link_errors>0x0</link_errors>
   <output_file>tcp_socket.out</output_file>
   <entry_point>
      <name>_c_int00</name>
      <address>0x2000b52d</address>
   </entry_point>
   <input_file_list>
      <input_file id="fl-2">
         <path>.\</path>
         <kind>object</kind>
         <file>main.obj</file>
         <name>main.obj</name>
      </input_file>
      <input_file id="fl-3">
         <path>.\</path>
         <kind>object</kind>
         <file>pinmux.obj</file>
         <name>pinmux.obj</name>
      </input_file>
      <input_file id="fl-4">
         <path>.\</path>
         <kind>object</kind>
         <file>startup_ccs.obj</file>
         <name>startup_ccs.obj</name>
      </input_file>
      <input_file id="fl-5">
         <path>.\</path>
         <kind>object</kind>
         <file>uart_if.obj</file>
         <name>uart_if.obj</name>
      </input_file>
      <input_file id="fl-6">
         <path>.\</path>
         <kind>object</kind>
         <file>udma_if.obj</file>
         <name>udma_if.obj</name>
      </input_file>
      <input_file id="fl-c2">
         <path>C:\ti\ccsv6\tools\compiler\arm_15.12.3.LTS\lib\</path>
         <kind>archive</kind>
         <file>rtsv7M4_T_le_eabi.lib</file>
         <name>boot.obj</name>
      </input_file>
      <input_file id="fl-c3">
         <path>C:\ti\ccsv6\tools\compiler\arm_15.12.3.LTS\lib\</path>
         <kind>archive</kind>
         <file>rtsv7M4_T_le_eabi.lib</file>
         <name>copy_decompress_none.obj</name>
      </input_file>
      <input_file id="fl-c4">
         <path>C:\ti\ccsv6\tools\compiler\arm_15.12.3.LTS\lib\</path>
         <kind>archive</kind>
         <file>rtsv7M4_T_le_eabi.lib</file>
         <name>copy_decompress_rle.obj</name>
      </input_file>
      <input_file id="fl-c5">
         <path>C:\ti\ccsv6\tools\compiler\arm_15.12.3.LTS\lib\</path>
         <kind>archive</kind>
         <file>rtsv7M4_T_le_eabi.lib</file>
         <name>copy_zero_init.obj</name>
      </input_file>
      <input_file id="fl-c6">
         <path>C:\ti\ccsv6\tools\compiler\arm_15.12.3.LTS\lib\</path>
         <kind>archive</kind>
         <file>rtsv7M4_T_le_eabi.lib</file>
         <name>exit.obj</name>
      </input_file>
      <input_file id="fl-c7">
         <path>C:\ti\ccsv6\tools\compiler\arm_15.12.3.LTS\lib\</path>
         <kind>archive</kind>
         <file>rtsv7M4_T_le_eabi.lib</file>
         <name>memcpy_t2.obj</name>
      </input_file>
      <input_file id="fl-c8">
         <path>C:\ti\ccsv6\tools\compiler\arm_15.12.3.LTS\lib\</path>
         <kind>archive</kind>
         <file>rtsv7M4_T_le_eabi.lib</file>
         <name>memmov.obj</name>
      </input_file>
      <input_file id="fl-c9">
         <path>C:\ti\ccsv6\tools\compiler\arm_15.12.3.LTS\lib\</path>
         <kind>archive</kind>
         <file>rtsv7M4_T_le_eabi.lib</file>
         <name>memory.obj</name>
      </input_file>
      <input_file id="fl-ca">
         <path>C:\ti\ccsv6\tools\compiler\arm_15.12.3.LTS\lib\</path>
         <kind>archive</kind>
         <file>rtsv7M4_T_le_eabi.lib</file>
         <name>memset_t2.obj</name>
      </input_file>
      <input_file id="fl-cb">
         <path>C:\ti\ccsv6\tools\compiler\arm_15.12.3.LTS\lib\</path>
         <kind>archive</kind>
         <file>rtsv7M4_T_le_eabi.lib</file>
         <name>mpu_init.obj</name>
      </input_file>
      <input_file id="fl-cc">
         <path>C:\ti\ccsv6\tools\compiler\arm_15.12.3.LTS\lib\</path>
         <kind>archive</kind>
         <file>rtsv7M4_T_le_eabi.lib</file>
         <name>pre_init.obj</name>
      </input_file>
      <input_file id="fl-cd">
         <path>C:\ti\ccsv6\tools\compiler\arm_15.12.3.LTS\lib\</path>
         <kind>archive</kind>
         <file>rtsv7M4_T_le_eabi.lib</file>
         <name>stkdepth_vars.obj</name>
      </input_file>
      <input_file id="fl-ce">
         <path>C:\ti\ccsv6\tools\compiler\arm_15.12.3.LTS\lib\</path>
         <kind>archive</kind>
         <file>rtsv7M4_T_le_eabi.lib</file>
         <name>strlen.obj</name>
      </input_file>
      <input_file id="fl-cf">
         <path>C:\ti\ccsv6\tools\compiler\arm_15.12.3.LTS\lib\</path>
         <kind>archive</kind>
         <file>rtsv7M4_T_le_eabi.lib</file>
         <name>strtok.obj</name>
      </input_file>
      <input_file id="fl-d0">
         <path>C:\ti\ccsv6\tools\compiler\arm_15.12.3.LTS\lib\</path>
         <kind>archive</kind>
         <file>rtsv7M4_T_le_eabi.lib</file>
         <name>strtoul.obj</name>
      </input_file>
      <input_file id="fl-d1">
         <path>C:\ti\ccsv6\tools\compiler\arm_15.12.3.LTS\lib\</path>
         <kind>archive</kind>
         <file>rtsv7M4_T_le_eabi.lib</file>
         <name>vsnprintf.obj</name>
      </input_file>
      <input_file id="fl-d2">
         <path>C:\ti\ccsv6\tools\compiler\arm_15.12.3.LTS\lib\</path>
         <kind>archive</kind>
         <file>rtsv7M4_T_le_eabi.lib</file>
         <name>_lock.obj</name>
      </input_file>
      <input_file id="fl-d3">
         <path>C:\ti\ccsv6\tools\compiler\arm_15.12.3.LTS\lib\</path>
         <kind>archive</kind>
         <file>rtsv7M4_T_le_eabi.lib</file>
         <name>_printfi.obj</name>
      </input_file>
      <input_file id="fl-d4">
         <path>C:\ti\ccsv6\tools\compiler\arm_15.12.3.LTS\lib\</path>
         <kind>archive</kind>
         <file>rtsv7M4_T_le_eabi.lib</file>
         <name>args_main.obj</name>
      </input_file>
      <input_file id="fl-d5">
         <path>C:\ti\ccsv6\tools\compiler\arm_15.12.3.LTS\lib\</path>
         <kind>archive</kind>
         <file>rtsv7M4_T_le_eabi.lib</file>
         <name>atoi.obj</name>
      </input_file>
      <input_file id="fl-d6">
         <path>C:\ti\ccsv6\tools\compiler\arm_15.12.3.LTS\lib\</path>
         <kind>archive</kind>
         <file>rtsv7M4_T_le_eabi.lib</file>
         <name>autoinit.obj</name>
      </input_file>
      <input_file id="fl-d7">
         <path>C:\ti\ccsv6\tools\compiler\arm_15.12.3.LTS\lib\</path>
         <kind>archive</kind>
         <file>rtsv7M4_T_le_eabi.lib</file>
         <name>cpy_tbl.obj</name>
      </input_file>
      <input_file id="fl-d8">
         <path>C:\ti\ccsv6\tools\compiler\arm_15.12.3.LTS\lib\</path>
         <kind>archive</kind>
         <file>rtsv7M4_T_le_eabi.lib</file>
         <name>ctype.obj</name>
      </input_file>
      <input_file id="fl-d9">
         <path>C:\ti\ccsv6\tools\compiler\arm_15.12.3.LTS\lib\</path>
         <kind>archive</kind>
         <file>rtsv7M4_T_le_eabi.lib</file>
         <name>errno.obj</name>
      </input_file>
      <input_file id="fl-da">
         <path>C:\ti\ccsv6\tools\compiler\arm_15.12.3.LTS\lib\</path>
         <kind>archive</kind>
         <file>rtsv7M4_T_le_eabi.lib</file>
         <name>fd_add_t2.obj</name>
      </input_file>
      <input_file id="fl-db">
         <path>C:\ti\ccsv6\tools\compiler\arm_15.12.3.LTS\lib\</path>
         <kind>archive</kind>
         <file>rtsv7M4_T_le_eabi.lib</file>
         <name>fd_cmp_t2.obj</name>
      </input_file>
      <input_file id="fl-dc">
         <path>C:\ti\ccsv6\tools\compiler\arm_15.12.3.LTS\lib\</path>
         <kind>archive</kind>
         <file>rtsv7M4_T_le_eabi.lib</file>
         <name>fd_div_t2.obj</name>
      </input_file>
      <input_file id="fl-dd">
         <path>C:\ti\ccsv6\tools\compiler\arm_15.12.3.LTS\lib\</path>
         <kind>archive</kind>
         <file>rtsv7M4_T_le_eabi.lib</file>
         <name>fd_mul_t2.obj</name>
      </input_file>
      <input_file id="fl-de">
         <path>C:\ti\ccsv6\tools\compiler\arm_15.12.3.LTS\lib\</path>
         <kind>archive</kind>
         <file>rtsv7M4_T_le_eabi.lib</file>
         <name>fd_toi_t2.obj</name>
      </input_file>
      <input_file id="fl-df">
         <path>C:\ti\ccsv6\tools\compiler\arm_15.12.3.LTS\lib\</path>
         <kind>archive</kind>
         <file>rtsv7M4_T_le_eabi.lib</file>
         <name>i_tofd_t2.obj</name>
      </input_file>
      <input_file id="fl-e0">
         <path>C:\ti\ccsv6\tools\compiler\arm_15.12.3.LTS\lib\</path>
         <kind>archive</kind>
         <file>rtsv7M4_T_le_eabi.lib</file>
         <name>ltoa.obj</name>
      </input_file>
      <input_file id="fl-e1">
         <path>C:\ti\ccsv6\tools\compiler\arm_15.12.3.LTS\lib\</path>
         <kind>archive</kind>
         <file>rtsv7M4_T_le_eabi.lib</file>
         <name>memccpy.obj</name>
      </input_file>
      <input_file id="fl-e2">
         <path>C:\ti\ccsv6\tools\compiler\arm_15.12.3.LTS\lib\</path>
         <kind>archive</kind>
         <file>rtsv7M4_T_le_eabi.lib</file>
         <name>s_frexp.obj</name>
      </input_file>
      <input_file id="fl-e3">
         <path>C:\ti\ccsv6\tools\compiler\arm_15.12.3.LTS\lib\</path>
         <kind>archive</kind>
         <file>rtsv7M4_T_le_eabi.lib</file>
         <name>s_scalbn.obj</name>
      </input_file>
      <input_file id="fl-e4">
         <path>C:\ti\ccsv6\tools\compiler\arm_15.12.3.LTS\lib\</path>
         <kind>archive</kind>
         <file>rtsv7M4_T_le_eabi.lib</file>
         <name>startup.obj</name>
      </input_file>
      <input_file id="fl-e5">
         <path>C:\ti\ccsv6\tools\compiler\arm_15.12.3.LTS\lib\</path>
         <kind>archive</kind>
         <file>rtsv7M4_T_le_eabi.lib</file>
         <name>strchr.obj</name>
      </input_file>
      <input_file id="fl-e6">
         <path>C:\ti\ccsv6\tools\compiler\arm_15.12.3.LTS\lib\</path>
         <kind>archive</kind>
         <file>rtsv7M4_T_le_eabi.lib</file>
         <name>strcspn.obj</name>
      </input_file>
      <input_file id="fl-e7">
         <path>C:\ti\ccsv6\tools\compiler\arm_15.12.3.LTS\lib\</path>
         <kind>archive</kind>
         <file>rtsv7M4_T_le_eabi.lib</file>
         <name>strspn.obj</name>
      </input_file>
      <input_file id="fl-e8">
         <path>C:\ti\ccsv6\tools\compiler\arm_15.12.3.LTS\lib\</path>
         <kind>archive</kind>
         <file>rtsv7M4_T_le_eabi.lib</file>
         <name>ull_div_t2.obj</name>
      </input_file>
      <input_file id="fl-e9">
         <path>C:\ti\ccsv6\tools\compiler\arm_15.12.3.LTS\lib\</path>
         <kind>archive</kind>
         <file>rtsv7M4_T_le_eabi.lib</file>
         <name>s_copysign.obj</name>
      </input_file>
      <input_file id="fl-ea">
         <path>C:\ti\tirex-content\CC3200SDK_1.1.0\cc3200-sdk\simplelink\ccs\NON_OS\</path>
         <kind>archive</kind>
         <file>simplelink.a</file>
         <name>device.obj</name>
      </input_file>
      <input_file id="fl-eb">
         <path>C:\ti\tirex-content\CC3200SDK_1.1.0\cc3200-sdk\simplelink\ccs\NON_OS\</path>
         <kind>archive</kind>
         <file>simplelink.a</file>
         <name>driver.obj</name>
      </input_file>
      <input_file id="fl-ec">
         <path>C:\ti\tirex-content\CC3200SDK_1.1.0\cc3200-sdk\simplelink\ccs\NON_OS\</path>
         <kind>archive</kind>
         <file>simplelink.a</file>
         <name>fs.obj</name>
      </input_file>
      <input_file id="fl-ed">
         <path>C:\ti\tirex-content\CC3200SDK_1.1.0\cc3200-sdk\simplelink\ccs\NON_OS\</path>
         <kind>archive</kind>
         <file>simplelink.a</file>
         <name>netapp.obj</name>
      </input_file>
      <input_file id="fl-ee">
         <path>C:\ti\tirex-content\CC3200SDK_1.1.0\cc3200-sdk\simplelink\ccs\NON_OS\</path>
         <kind>archive</kind>
         <file>simplelink.a</file>
         <name>netcfg.obj</name>
      </input_file>
      <input_file id="fl-ef">
         <path>C:\ti\tirex-content\CC3200SDK_1.1.0\cc3200-sdk\simplelink\ccs\NON_OS\</path>
         <kind>archive</kind>
         <file>simplelink.a</file>
         <name>nonos.obj</name>
      </input_file>
      <input_file id="fl-f0">
         <path>C:\ti\tirex-content\CC3200SDK_1.1.0\cc3200-sdk\simplelink\ccs\NON_OS\</path>
         <kind>archive</kind>
         <file>simplelink.a</file>
         <name>socket.obj</name>
      </input_file>
      <input_file id="fl-f1">
         <path>C:\ti\tirex-content\CC3200SDK_1.1.0\cc3200-sdk\simplelink\ccs\NON_OS\</path>
         <kind>archive</kind>
         <file>simplelink.a</file>
         <name>wlan.obj</name>
      </input_file>
      <input_file id="fl-f2">
         <path>C:\ti\tirex-content\CC3200SDK_1.1.0\cc3200-sdk\simplelink\ccs\NON_OS\</path>
         <kind>archive</kind>
         <file>simplelink.a</file>
         <name>cc_pal.obj</name>
      </input_file>
      <input_file id="fl-f3">
         <path>C:\ti\tirex-content\CC3200SDK_1.1.0\cc3200-sdk\driverlib\ccs\Release\</path>
         <kind>archive</kind>
         <file>driverlib.a</file>
         <name>interrupt.obj</name>
      </input_file>
      <input_file id="fl-f4">
         <path>C:\ti\tirex-content\CC3200SDK_1.1.0\cc3200-sdk\driverlib\ccs\Release\</path>
         <kind>archive</kind>
         <file>driverlib.a</file>
         <name>pin.obj</name>
      </input_file>
      <input_file id="fl-f5">
         <path>C:\ti\tirex-content\CC3200SDK_1.1.0\cc3200-sdk\driverlib\ccs\Release\</path>
         <kind>archive</kind>
         <file>driverlib.a</file>
         <name>prcm.obj</name>
      </input_file>
      <input_file id="fl-f6">
         <path>C:\ti\tirex-content\CC3200SDK_1.1.0\cc3200-sdk\driverlib\ccs\Release\</path>
         <kind>archive</kind>
         <file>driverlib.a</file>
         <name>spi.obj</name>
      </input_file>
      <input_file id="fl-f7">
         <path>C:\ti\tirex-content\CC3200SDK_1.1.0\cc3200-sdk\driverlib\ccs\Release\</path>
         <kind>archive</kind>
         <file>driverlib.a</file>
         <name>uart.obj</name>
      </input_file>
      <input_file id="fl-f8">
         <path>C:\ti\tirex-content\CC3200SDK_1.1.0\cc3200-sdk\driverlib\ccs\Release\</path>
         <kind>archive</kind>
         <file>driverlib.a</file>
         <name>udma.obj</name>
      </input_file>
      <input_file id="fl-f9">
         <path>C:\ti\tirex-content\CC3200SDK_1.1.0\cc3200-sdk\driverlib\ccs\Release\</path>
         <kind>archive</kind>
         <file>driverlib.a</file>
         <name>utils.obj</name>
      </input_file>
      <input_file id="fl-fa">
         <path>C:\ti\tirex-content\CC3200SDK_1.1.0\cc3200-sdk\driverlib\ccs\Release\</path>
         <kind>archive</kind>
         <file>driverlib.a</file>
         <name>cpu.obj</name>
      </input_file>
      <input_file id="fl-fb">
         <path>C:\ti\tirex-content\CC3200SDK_1.1.0\cc3200-sdk\driverlib\ccs\Release\</path>
         <kind>archive</kind>
         <file>driverlib.a</file>
         <name>flash.obj</name>
      </input_file>
      <input_file id="fl-fc">
         <path>C:\ti\ccsv6\tools\compiler\arm_15.12.3.LTS\lib\</path>
         <kind>archive</kind>
         <file>rtsv7M4_T_le_eabi.lib</file>
         <name>ll_lsr_t2.obj</name>
      </input_file>
   </input_file_list>
   <object_component_list>
      <object_component id="oc-f">
         <name>.intvecs</name>
         <load_address>0x20004000</load_address>
         <run_address>0x20004000</run_address>
         <size>0x400</size>
         <input_file_ref idref="fl-4"/>
      </object_component>
      <object_component id="oc-3f2">
         <name>.text</name>
         <load_address>0x20004400</load_address>
         <run_address>0x20004400</run_address>
         <size>0x10fc</size>
         <input_file_ref idref="fl-d3"/>
      </object_component>
      <object_component id="oc-ac">
         <name>.text</name>
         <load_address>0x200054fc</load_address>
         <run_address>0x200054fc</run_address>
         <size>0x10a0</size>
         <input_file_ref idref="fl-2"/>
      </object_component>
      <object_component id="oc-62e">
         <name>.text:_SlDrvMsgRead</name>
         <load_address>0x2000659c</load_address>
         <run_address>0x2000659c</run_address>
         <size>0x5ec</size>
         <input_file_ref idref="fl-eb"/>
      </object_component>
      <object_component id="oc-216">
         <name>.text</name>
         <load_address>0x20006b88</load_address>
         <run_address>0x20006b88</run_address>
         <size>0x3dc</size>
         <input_file_ref idref="fl-c9"/>
      </object_component>
      <object_component id="oc-da">
         <name>.text</name>
         <load_address>0x20006f64</load_address>
         <run_address>0x20006f64</run_address>
         <size>0x280</size>
         <input_file_ref idref="fl-5"/>
      </object_component>
      <object_component id="oc-69e">
         <name>.text:_SlDrvRxHdrRead</name>
         <load_address>0x200071e4</load_address>
         <run_address>0x200071e4</run_address>
         <size>0x248</size>
         <input_file_ref idref="fl-eb"/>
      </object_component>
      <object_component id="oc-184">
         <name>.text:sl_WlanConnect</name>
         <load_address>0x2000742c</load_address>
         <run_address>0x2000742c</run_address>
         <size>0x244</size>
         <input_file_ref idref="fl-f1"/>
      </object_component>
      <object_component id="oc-593">
         <name>.text</name>
         <load_address>0x20007670</load_address>
         <run_address>0x20007670</run_address>
         <size>0x1f4</size>
         <input_file_ref idref="fl-e8"/>
      </object_component>
      <object_component id="oc-273">
         <name>.text:_SlDrvReleasePoolObj</name>
         <load_address>0x20007864</load_address>
         <run_address>0x20007864</run_address>
         <size>0x1d0</size>
         <input_file_ref idref="fl-eb"/>
      </object_component>
      <object_component id="oc-4f3">
         <name>.text:_SlDrvMsgWrite</name>
         <load_address>0x20007a34</load_address>
         <run_address>0x20007a34</run_address>
         <size>0x1cc</size>
         <input_file_ref idref="fl-eb"/>
      </object_component>
      <object_component id="oc-1a4">
         <name>.text</name>
         <load_address>0x20007c00</load_address>
         <run_address>0x20007c00</run_address>
         <size>0x1cc</size>
         <input_file_ref idref="fl-6"/>
      </object_component>
      <object_component id="oc-5bc">
         <name>.text</name>
         <load_address>0x20007dcc</load_address>
         <run_address>0x20007dcc</run_address>
         <size>0x1b6</size>
         <input_file_ref idref="fl-da"/>
      </object_component>
      <object_component id="oc-620">
         <name>.text:IntDefaultHandler</name>
         <load_address>0x20007f82</load_address>
         <run_address>0x20007f82</run_address>
         <size>0x2</size>
         <input_file_ref idref="fl-f3"/>
      </object_component>
      <object_component id="oc-481">
         <name>.text:_SlDrvWaitForPoolObj</name>
         <load_address>0x20007f84</load_address>
         <run_address>0x20007f84</run_address>
         <size>0x190</size>
         <input_file_ref idref="fl-eb"/>
      </object_component>
      <object_component id="oc-249">
         <name>.text:_SlDrvDriverCBInit</name>
         <load_address>0x20008114</load_address>
         <run_address>0x20008114</run_address>
         <size>0x188</size>
         <input_file_ref idref="fl-eb"/>
      </object_component>
      <object_component id="oc-6b0">
         <name>.text:_SlFindAndSetActiveObj</name>
         <load_address>0x2000829c</load_address>
         <run_address>0x2000829c</run_address>
         <size>0x170</size>
         <input_file_ref idref="fl-eb"/>
      </object_component>
      <object_component id="oc-24f">
         <name>.text:spi_Open</name>
         <load_address>0x2000840c</load_address>
         <run_address>0x2000840c</run_address>
         <size>0x144</size>
         <input_file_ref idref="fl-f2"/>
      </object_component>
      <object_component id="oc-5a2">
         <name>.text</name>
         <load_address>0x20008550</load_address>
         <run_address>0x20008550</run_address>
         <size>0x136</size>
         <input_file_ref idref="fl-dc"/>
      </object_component>
      <object_component id="oc-5b">
         <name>.text</name>
         <load_address>0x20008686</load_address>
         <run_address>0x20008686</run_address>
         <size>0x2</size>
         <input_file_ref idref="fl-cb"/>
      </object_component>
      <object_component id="oc-19c">
         <name>.text:PRCMCC3200MCUInit</name>
         <load_address>0x20008688</load_address>
         <run_address>0x20008688</run_address>
         <size>0x134</size>
         <input_file_ref idref="fl-f5"/>
      </object_component>
      <object_component id="oc-327">
         <name>.text:_SlDrvDataReadOp</name>
         <load_address>0x200087bc</load_address>
         <run_address>0x200087bc</run_address>
         <size>0x12c</size>
         <input_file_ref idref="fl-eb"/>
      </object_component>
      <object_component id="oc-13c">
         <name>.text</name>
         <load_address>0x200088e8</load_address>
         <run_address>0x200088e8</run_address>
         <size>0x114</size>
         <input_file_ref idref="fl-d0"/>
      </object_component>
      <object_component id="oc-160">
         <name>.text:sl_Connect</name>
         <load_address>0x200089fc</load_address>
         <run_address>0x200089fc</run_address>
         <size>0x108</size>
         <input_file_ref idref="fl-f0"/>
      </object_component>
      <object_component id="oc-2ad">
         <name>.text:_SlDrvDriverCBDeinit</name>
         <load_address>0x20008b04</load_address>
         <run_address>0x20008b04</run_address>
         <size>0x100</size>
         <input_file_ref idref="fl-eb"/>
      </object_component>
      <object_component id="oc-6f9">
         <name>.text:_SlDrvNetAppEventHandler</name>
         <load_address>0x20008c04</load_address>
         <run_address>0x20008c04</run_address>
         <size>0xfe</size>
         <input_file_ref idref="fl-ed"/>
      </object_component>
      <object_component id="oc-59d">
         <name>.text</name>
         <load_address>0x20008d02</load_address>
         <run_address>0x20008d02</run_address>
         <size>0xfc</size>
         <input_file_ref idref="fl-dd"/>
      </object_component>
      <object_component id="oc-a4">
         <name>.text</name>
         <load_address>0x20008dfe</load_address>
         <run_address>0x20008dfe</run_address>
         <size>0x2</size>
         <input_file_ref idref="fl-e4"/>
      </object_component>
      <object_component id="oc-17e">
         <name>.text:sl_FsRead</name>
         <load_address>0x20008e00</load_address>
         <run_address>0x20008e00</run_address>
         <size>0xf4</size>
         <input_file_ref idref="fl-ec"/>
      </object_component>
      <object_component id="oc-6aa">
         <name>.text:spi_Read</name>
         <load_address>0x20008ef4</load_address>
         <run_address>0x20008ef4</run_address>
         <size>0xf0</size>
         <input_file_ref idref="fl-f2"/>
      </object_component>
      <object_component id="oc-3c0">
         <name>.text:uDMAChannelTransferSet</name>
         <load_address>0x20008fe4</load_address>
         <run_address>0x20008fe4</run_address>
         <size>0xf0</size>
         <input_file_ref idref="fl-f8"/>
      </object_component>
      <object_component id="oc-172">
         <name>.text:sl_FsWrite</name>
         <load_address>0x200090d4</load_address>
         <run_address>0x200090d4</run_address>
         <size>0xec</size>
         <input_file_ref idref="fl-ec"/>
      </object_component>
      <object_component id="oc-6a4">
         <name>.text:_SlDrvClassifyRxMsg</name>
         <load_address>0x200091c0</load_address>
         <run_address>0x200091c0</run_address>
         <size>0xd8</size>
         <input_file_ref idref="fl-eb"/>
      </object_component>
      <object_component id="oc-f9">
         <name>.text:sl_Stop</name>
         <load_address>0x20009298</load_address>
         <run_address>0x20009298</run_address>
         <size>0xd4</size>
         <input_file_ref idref="fl-ea"/>
      </object_component>
      <object_component id="oc-5c7">
         <name>.text</name>
         <load_address>0x2000936c</load_address>
         <run_address>0x2000936c</run_address>
         <size>0xd0</size>
         <input_file_ref idref="fl-e3"/>
      </object_component>
      <object_component id="oc-731">
         <name>.text:_sl_HandleAsync_DnsGetHostByService</name>
         <load_address>0x2000943c</load_address>
         <run_address>0x2000943c</run_address>
         <size>0xc8</size>
         <input_file_ref idref="fl-ed"/>
      </object_component>
      <object_component id="oc-4f9">
         <name>.text:_SlDrvMsgReadCmdCtx</name>
         <load_address>0x20009504</load_address>
         <run_address>0x20009504</run_address>
         <size>0xc0</size>
         <input_file_ref idref="fl-eb"/>
      </object_component>
      <object_component id="oc-4b6">
         <name>.text:_SlRemoveFromList</name>
         <load_address>0x200095c4</load_address>
         <run_address>0x200095c4</run_address>
         <size>0xc0</size>
         <input_file_ref idref="fl-eb"/>
      </object_component>
      <object_component id="oc-e7">
         <name>.text:sl_Start</name>
         <load_address>0x20009684</load_address>
         <run_address>0x20009684</run_address>
         <size>0xbc</size>
         <input_file_ref idref="fl-ea"/>
      </object_component>
      <object_component id="oc-634">
         <name>.text:_SlAsyncEventGenericHandler</name>
         <load_address>0x20009740</load_address>
         <run_address>0x20009740</run_address>
         <size>0xb8</size>
         <input_file_ref idref="fl-eb"/>
      </object_component>
      <object_component id="oc-2dc">
         <name>.text:sl_NetAppMDNSRegisterUnregisterService</name>
         <load_address>0x200097f8</load_address>
         <run_address>0x200097f8</run_address>
         <size>0xb4</size>
         <input_file_ref idref="fl-ed"/>
      </object_component>
      <object_component id="oc-49b">
         <name>.text:IntDisable</name>
         <load_address>0x200098ac</load_address>
         <run_address>0x200098ac</run_address>
         <size>0xa8</size>
         <input_file_ref idref="fl-f3"/>
      </object_component>
      <object_component id="oc-196">
         <name>.text:IntEnable</name>
         <load_address>0x20009954</load_address>
         <run_address>0x20009954</run_address>
         <size>0xa8</size>
         <input_file_ref idref="fl-f3"/>
      </object_component>
      <object_component id="oc-436">
         <name>.text:SPIConfigSetExpClk</name>
         <load_address>0x200099fc</load_address>
         <run_address>0x200099fc</run_address>
         <size>0xa0</size>
         <input_file_ref idref="fl-f6"/>
      </object_component>
      <object_component id="oc-4cf">
         <name>.text:_SlDrvMsgReadSpawnCtx</name>
         <load_address>0x20009a9c</load_address>
         <run_address>0x20009a9c</run_address>
         <size>0x9c</size>
         <input_file_ref idref="fl-eb"/>
      </object_component>
      <object_component id="oc-36">
         <name>.text</name>
         <load_address>0x20009b38</load_address>
         <run_address>0x20009b38</run_address>
         <size>0x9c</size>
         <input_file_ref idref="fl-c7"/>
      </object_component>
      <object_component id="oc-ff">
         <name>.text:sl_DevGet</name>
         <load_address>0x20009bd4</load_address>
         <run_address>0x20009bd4</run_address>
         <size>0x9c</size>
         <input_file_ref idref="fl-ea"/>
      </object_component>
      <object_component id="oc-142">
         <name>.text:_sl_GetCreateFsMode</name>
         <load_address>0x20009c70</load_address>
         <run_address>0x20009c70</run_address>
         <size>0x98</size>
         <input_file_ref idref="fl-ec"/>
      </object_component>
      <object_component id="oc-63c">
         <name>.text:spi_Write</name>
         <load_address>0x20009d08</load_address>
         <run_address>0x20009d08</run_address>
         <size>0x98</size>
         <input_file_ref idref="fl-f2"/>
      </object_component>
      <object_component id="oc-1e6">
         <name>.text:PRCMPeripheralClockGet</name>
         <load_address>0x20009da0</load_address>
         <run_address>0x20009da0</run_address>
         <size>0x94</size>
         <input_file_ref idref="fl-f5"/>
      </object_component>
      <object_component id="oc-706">
         <name>.text:SetupDMAReceive</name>
         <load_address>0x20009e34</load_address>
         <run_address>0x20009e34</run_address>
         <size>0x8c</size>
         <input_file_ref idref="fl-f2"/>
      </object_component>
      <object_component id="oc-6bb">
         <name>.text:SetupDMASend</name>
         <load_address>0x20009ec0</load_address>
         <run_address>0x20009ec0</run_address>
         <size>0x8c</size>
         <input_file_ref idref="fl-f2"/>
      </object_component>
      <object_component id="oc-72b">
         <name>.text:_sl_HandleAsync_DnsGetHostByName</name>
         <load_address>0x20009f4c</load_address>
         <run_address>0x20009f4c</run_address>
         <size>0x8c</size>
         <input_file_ref idref="fl-ed"/>
      </object_component>
      <object_component id="oc-6ff">
         <name>.text:_sl_HandleAsync_PingResponse</name>
         <load_address>0x20009fd8</load_address>
         <run_address>0x20009fd8</run_address>
         <size>0x8c</size>
         <input_file_ref idref="fl-ed"/>
      </object_component>
      <object_component id="oc-58a">
         <name>.text:PinConfigSet</name>
         <load_address>0x2000a064</load_address>
         <run_address>0x2000a064</run_address>
         <size>0x88</size>
         <input_file_ref idref="fl-f4"/>
      </object_component>
      <object_component id="oc-1f8">
         <name>.text</name>
         <load_address>0x2000a0ec</load_address>
         <run_address>0x2000a0ec</run_address>
         <size>0x88</size>
         <input_file_ref idref="fl-d1"/>
      </object_component>
      <object_component id="oc-178">
         <name>.text:sl_FsClose</name>
         <load_address>0x2000a174</load_address>
         <run_address>0x2000a174</run_address>
         <size>0x88</size>
         <input_file_ref idref="fl-ec"/>
      </object_component>
      <object_component id="oc-598">
         <name>.text:__aeabi_cdcmple</name>
         <load_address>0x2000a1fc</load_address>
         <run_address>0x2000a1fc</run_address>
         <size>0x86</size>
         <input_file_ref idref="fl-db"/>
      </object_component>
      <object_component id="oc-5a7">
         <name>.text:__aeabi_cdrcmple</name>
         <load_address>0x2000a282</load_address>
         <run_address>0x2000a282</run_address>
         <size>0x86</size>
         <input_file_ref idref="fl-db"/>
      </object_component>
      <object_component id="oc-243">
         <name>.text:NwpPowerOnPreamble</name>
         <load_address>0x2000a308</load_address>
         <run_address>0x2000a308</run_address>
         <size>0x84</size>
         <input_file_ref idref="fl-f2"/>
      </object_component>
      <object_component id="oc-297">
         <name>.text:_SlDrvCmdOp</name>
         <load_address>0x2000a38c</load_address>
         <run_address>0x2000a38c</run_address>
         <size>0x80</size>
         <input_file_ref idref="fl-eb"/>
      </object_component>
      <object_component id="oc-70c">
         <name>.text:spi_Read_CPU</name>
         <load_address>0x2000a40c</load_address>
         <run_address>0x2000a40c</run_address>
         <size>0x80</size>
         <input_file_ref idref="fl-f2"/>
      </object_component>
      <object_component id="oc-6cd">
         <name>.text:spi_Write_CPU</name>
         <load_address>0x2000a48c</load_address>
         <run_address>0x2000a48c</run_address>
         <size>0x80</size>
         <input_file_ref idref="fl-f2"/>
      </object_component>
      <object_component id="oc-6d8">
         <name>.text:_sl_HandleAsync_InitComplete</name>
         <load_address>0x2000a50c</load_address>
         <run_address>0x2000a50c</run_address>
         <size>0x7c</size>
         <input_file_ref idref="fl-ea"/>
      </object_component>
      <object_component id="oc-4f">
         <name>.text</name>
         <load_address>0x2000a588</load_address>
         <run_address>0x2000a588</run_address>
         <size>0x7a</size>
         <input_file_ref idref="fl-ca"/>
      </object_component>
      <object_component id="oc-74d">
         <name>.text:_sl_HandleAsync_Connect</name>
         <load_address>0x2000a604</load_address>
         <run_address>0x2000a604</run_address>
         <size>0x78</size>
         <input_file_ref idref="fl-f0"/>
      </object_component>
      <object_component id="oc-148">
         <name>.text:sl_FsOpen</name>
         <load_address>0x2000a67c</load_address>
         <run_address>0x2000a67c</run_address>
         <size>0x78</size>
         <input_file_ref idref="fl-ec"/>
      </object_component>
      <object_component id="oc-2a7">
         <name>.text:spi_Close</name>
         <load_address>0x2000a6f4</load_address>
         <run_address>0x2000a6f4</run_address>
         <size>0x78</size>
         <input_file_ref idref="fl-f2"/>
      </object_component>
      <object_component id="oc-1ec">
         <name>.text:UARTConfigSetExpClk</name>
         <load_address>0x2000a76c</load_address>
         <run_address>0x2000a76c</run_address>
         <size>0x76</size>
         <input_file_ref idref="fl-f7"/>
      </object_component>
      <object_component id="oc-16c">
         <name>.text:sl_Recv</name>
         <load_address>0x2000a7e4</load_address>
         <run_address>0x2000a7e4</run_address>
         <size>0x74</size>
         <input_file_ref idref="fl-f0"/>
      </object_component>
      <object_component id="oc-ed">
         <name>.text:_SlNonOsMainLoopTask</name>
         <load_address>0x2000a858</load_address>
         <run_address>0x2000a858</run_address>
         <size>0x70</size>
         <input_file_ref idref="fl-ef"/>
      </object_component>
      <object_component id="oc-67">
         <name>.text</name>
         <load_address>0x2000a8c8</load_address>
         <run_address>0x2000a8c8</run_address>
         <size>0x70</size>
         <input_file_ref idref="fl-d6"/>
      </object_component>
      <object_component id="oc-75e">
         <name>.text:_SlDrvCmdSend</name>
         <load_address>0x2000a938</load_address>
         <run_address>0x2000a938</run_address>
         <size>0x6c</size>
         <input_file_ref idref="fl-eb"/>
      </object_component>
      <object_component id="oc-42">
         <name>.text</name>
         <load_address>0x2000a9a4</load_address>
         <run_address>0x2000a9a4</run_address>
         <size>0x6a</size>
         <input_file_ref idref="fl-c4"/>
      </object_component>
      <object_component id="oc-737">
         <name>.text:_sl_NetAppSendTokenValue</name>
         <load_address>0x2000aa10</load_address>
         <run_address>0x2000aa10</run_address>
         <size>0x68</size>
         <input_file_ref idref="fl-ed"/>
      </object_component>
      <object_component id="oc-117">
         <name>.text:sl_NetCfgSet</name>
         <load_address>0x2000aa78</load_address>
         <run_address>0x2000aa78</run_address>
         <size>0x68</size>
         <input_file_ref idref="fl-ee"/>
      </object_component>
      <object_component id="oc-11d">
         <name>.text:sl_WlanSet</name>
         <load_address>0x2000aae0</load_address>
         <run_address>0x2000aae0</run_address>
         <size>0x68</size>
         <input_file_ref idref="fl-f1"/>
      </object_component>
      <object_component id="oc-396">
         <name>.text:uDMAChannelAttributeDisable</name>
         <load_address>0x2000ab48</load_address>
         <run_address>0x2000ab48</run_address>
         <size>0x64</size>
         <input_file_ref idref="fl-f8"/>
      </object_component>
      <object_component id="oc-3ba">
         <name>.text:uDMAChannelAttributeEnable</name>
         <load_address>0x2000abac</load_address>
         <run_address>0x2000abac</run_address>
         <size>0x64</size>
         <input_file_ref idref="fl-f8"/>
      </object_component>
      <object_component id="oc-747">
         <name>.text:_sl_HandleAsync_Accept</name>
         <load_address>0x2000ac10</load_address>
         <run_address>0x2000ac10</run_address>
         <size>0x60</size>
         <input_file_ref idref="fl-f0"/>
      </object_component>
      <object_component id="oc-105">
         <name>.text:sl_WlanPolicySet</name>
         <load_address>0x2000ac70</load_address>
         <run_address>0x2000ac70</run_address>
         <size>0x60</size>
         <input_file_ref idref="fl-f1"/>
      </object_component>
      <object_component id="oc-41a">
         <name>.text:_SlNonOsSemGet</name>
         <load_address>0x2000acd0</load_address>
         <run_address>0x2000acd0</run_address>
         <size>0x5c</size>
         <input_file_ref idref="fl-ef"/>
      </object_component>
      <object_component id="oc-4c9">
         <name>.text:_SlNonOsSpawn</name>
         <load_address>0x2000ad2c</load_address>
         <run_address>0x2000ad2c</run_address>
         <size>0x5c</size>
         <input_file_ref idref="fl-ef"/>
      </object_component>
      <object_component id="oc-5c1">
         <name>.text</name>
         <load_address>0x2000ad88</load_address>
         <run_address>0x2000ad88</run_address>
         <size>0x5c</size>
         <input_file_ref idref="fl-e2"/>
      </object_component>
      <object_component id="oc-15a">
         <name>.text:sl_Socket</name>
         <load_address>0x2000ade4</load_address>
         <run_address>0x2000ade4</run_address>
         <size>0x5c</size>
         <input_file_ref idref="fl-f0"/>
      </object_component>
      <object_component id="oc-4a7">
         <name>.text:IntPendClear</name>
         <load_address>0x2000ae40</load_address>
         <run_address>0x2000ae40</run_address>
         <size>0x58</size>
         <input_file_ref idref="fl-f3"/>
      </object_component>
      <object_component id="oc-359">
         <name>.text:PRCMPeripheralReset</name>
         <load_address>0x2000ae98</load_address>
         <run_address>0x2000ae98</run_address>
         <size>0x58</size>
         <input_file_ref idref="fl-f5"/>
      </object_component>
      <object_component id="oc-5b1">
         <name>.text</name>
         <load_address>0x2000aef0</load_address>
         <run_address>0x2000aef0</run_address>
         <size>0x56</size>
         <input_file_ref idref="fl-e0"/>
      </object_component>
      <object_component id="oc-378">
         <name>.text:IntPrioritySet</name>
         <load_address>0x2000af48</load_address>
         <run_address>0x2000af48</run_address>
         <size>0x54</size>
         <input_file_ref idref="fl-f3"/>
      </object_component>
      <object_component id="oc-753">
         <name>.text:_sl_HandleAsync_Select</name>
         <load_address>0x2000af9c</load_address>
         <run_address>0x2000af9c</run_address>
         <size>0x54</size>
         <input_file_ref idref="fl-f0"/>
      </object_component>
      <object_component id="oc-73">
         <name>.text</name>
         <load_address>0x2000aff0</load_address>
         <run_address>0x2000aff0</run_address>
         <size>0x54</size>
         <input_file_ref idref="fl-c6"/>
      </object_component>
      <object_component id="oc-129">
         <name>.text:sl_WlanRxFilterSet</name>
         <load_address>0x2000b044</load_address>
         <run_address>0x2000b044</run_address>
         <size>0x54</size>
         <input_file_ref idref="fl-f1"/>
      </object_component>
      <object_component id="oc-6de">
         <name>.text:_sl_HandleAsync_Stop</name>
         <load_address>0x2000b098</load_address>
         <run_address>0x2000b098</run_address>
         <size>0x50</size>
         <input_file_ref idref="fl-ea"/>
      </object_component>
      <object_component id="oc-460">
         <name>.text:SPIIntEnable</name>
         <load_address>0x2000b0e8</load_address>
         <run_address>0x2000b0e8</run_address>
         <size>0x4c</size>
         <input_file_ref idref="fl-f6"/>
      </object_component>
      <object_component id="oc-645">
         <name>.text:SPIIntNumberGet</name>
         <load_address>0x2000b134</load_address>
         <run_address>0x2000b134</run_address>
         <size>0x4c</size>
         <input_file_ref idref="fl-f6"/>
      </object_component>
      <object_component id="oc-255">
         <name>.text:_SlDrvProtectAsyncRespSetting</name>
         <load_address>0x2000b180</load_address>
         <run_address>0x2000b180</run_address>
         <size>0x4c</size>
         <input_file_ref idref="fl-eb"/>
      </object_component>
      <object_component id="oc-282">
         <name>.text:_SlDrvRxIrqHandler</name>
         <load_address>0x2000b1cc</load_address>
         <run_address>0x2000b1cc</run_address>
         <size>0x4c</size>
         <input_file_ref idref="fl-eb"/>
      </object_component>
      <object_component id="oc-31f">
         <name>.text:_sl_BuildAddress</name>
         <load_address>0x2000b218</load_address>
         <run_address>0x2000b218</run_address>
         <size>0x4c</size>
         <input_file_ref idref="fl-f0"/>
      </object_component>
      <object_component id="oc-5d9">
         <name>.text</name>
         <load_address>0x2000b264</load_address>
         <run_address>0x2000b264</run_address>
         <size>0x4c</size>
         <input_file_ref idref="fl-d5"/>
      </object_component>
      <object_component id="oc-9e">
         <name>.text</name>
         <load_address>0x2000b2b0</load_address>
         <run_address>0x2000b2b0</run_address>
         <size>0x4c</size>
         <input_file_ref idref="fl-d7"/>
      </object_component>
      <object_component id="oc-390">
         <name>.text:uDMAChannelAssign</name>
         <load_address>0x2000b2fc</load_address>
         <run_address>0x2000b2fc</run_address>
         <size>0x4c</size>
         <input_file_ref idref="fl-f8"/>
      </object_component>
      <object_component id="oc-60d">
         <name>.text:SPIIntClear</name>
         <load_address>0x2000b348</load_address>
         <run_address>0x2000b348</run_address>
         <size>0x48</size>
         <input_file_ref idref="fl-f6"/>
      </object_component>
      <object_component id="oc-2ca">
         <name>.text:_SlDrvBasicCmd</name>
         <load_address>0x2000b390</load_address>
         <run_address>0x2000b390</run_address>
         <size>0x48</size>
         <input_file_ref idref="fl-eb"/>
      </object_component>
      <object_component id="oc-5ac">
         <name>.text</name>
         <load_address>0x2000b3d8</load_address>
         <run_address>0x2000b3d8</run_address>
         <size>0x48</size>
         <input_file_ref idref="fl-de"/>
      </object_component>
      <object_component id="oc-601">
         <name>.text:SPIDmaMaskGet</name>
         <load_address>0x2000b420</load_address>
         <run_address>0x2000b420</run_address>
         <size>0x44</size>
         <input_file_ref idref="fl-f6"/>
      </object_component>
      <object_component id="oc-719">
         <name>.text:cc_SetupTransfer</name>
         <load_address>0x2000b464</load_address>
         <run_address>0x2000b464</run_address>
         <size>0x44</size>
         <input_file_ref idref="fl-f2"/>
      </object_component>
      <object_component id="oc-154">
         <name>.text:sl_Htonl</name>
         <load_address>0x2000b4a8</load_address>
         <run_address>0x2000b4a8</run_address>
         <size>0x42</size>
         <input_file_ref idref="fl-f0"/>
      </object_component>
      <object_component id="oc-584">
         <name>.text:PinModeSet</name>
         <load_address>0x2000b4ec</load_address>
         <run_address>0x2000b4ec</run_address>
         <size>0x40</size>
         <input_file_ref idref="fl-f4"/>
      </object_component>
      <object_component id="oc-24">
         <name>.text</name>
         <load_address>0x2000b52c</load_address>
         <run_address>0x2000b52c</run_address>
         <size>0x40</size>
         <input_file_ref idref="fl-c2"/>
      </object_component>
      <object_component id="oc-136">
         <name>.text</name>
         <load_address>0x2000b56c</load_address>
         <run_address>0x2000b56c</run_address>
         <size>0x40</size>
         <input_file_ref idref="fl-cf"/>
      </object_component>
      <object_component id="oc-261">
         <name>.text:NwpRegisterInterruptHandler</name>
         <load_address>0x2000b5ac</load_address>
         <run_address>0x2000b5ac</run_address>
         <size>0x3e</size>
         <input_file_ref idref="fl-f2"/>
      </object_component>
      <object_component id="oc-73e">
         <name>.text:CopyPingResultsToReport</name>
         <load_address>0x2000b5ea</load_address>
         <run_address>0x2000b5ea</run_address>
         <size>0x3c</size>
         <input_file_ref idref="fl-ed"/>
      </object_component>
      <object_component id="oc-353">
         <name>.text:PRCMPeripheralClkEnable</name>
         <load_address>0x2000b628</load_address>
         <run_address>0x2000b628</run_address>
         <size>0x3c</size>
         <input_file_ref idref="fl-f5"/>
      </object_component>
      <object_component id="oc-14e">
         <name>.text:sl_Htons</name>
         <load_address>0x2000b664</load_address>
         <run_address>0x2000b664</run_address>
         <size>0x3c</size>
         <input_file_ref idref="fl-f0"/>
      </object_component>
      <object_component id="oc-3b4">
         <name>.text:uDMAChannelControlSet</name>
         <load_address>0x2000b6a0</load_address>
         <run_address>0x2000b6a0</run_address>
         <size>0x3c</size>
         <input_file_ref idref="fl-f8"/>
      </object_component>
      <object_component id="oc-25b">
         <name>.text:NwpPowerOff</name>
         <load_address>0x2000b6dc</load_address>
         <run_address>0x2000b6dc</run_address>
         <size>0x38</size>
         <input_file_ref idref="fl-f2"/>
      </object_component>
      <object_component id="oc-123">
         <name>.text:sl_NetAppMDNSUnRegisterService</name>
         <load_address>0x2000b714</load_address>
         <run_address>0x2000b714</run_address>
         <size>0x36</size>
         <input_file_ref idref="fl-ed"/>
      </object_component>
      <object_component id="oc-43c">
         <name>.text:PRCMPeripheralStatusGet</name>
         <load_address>0x2000b74c</load_address>
         <run_address>0x2000b74c</run_address>
         <size>0x34</size>
         <input_file_ref idref="fl-f5"/>
      </object_component>
      <object_component id="oc-454">
         <name>.text:SPIFIFOLevelSet</name>
         <load_address>0x2000b780</load_address>
         <run_address>0x2000b780</run_address>
         <size>0x34</size>
         <input_file_ref idref="fl-f6"/>
      </object_component>
      <object_component id="oc-3e4">
         <name>.text:UARTDisable</name>
         <load_address>0x2000b7b4</load_address>
         <run_address>0x2000b7b4</run_address>
         <size>0x30</size>
         <input_file_ref idref="fl-f7"/>
      </object_component>
      <object_component id="oc-64e">
         <name>.text:_SlDrvDeviceEventHandler</name>
         <load_address>0x2000b7e4</load_address>
         <run_address>0x2000b7e4</run_address>
         <size>0x30</size>
         <input_file_ref idref="fl-ea"/>
      </object_component>
      <object_component id="oc-307">
         <name>.text:_sl_Strlen</name>
         <load_address>0x2000b814</load_address>
         <run_address>0x2000b814</run_address>
         <size>0x30</size>
         <input_file_ref idref="fl-ec"/>
      </object_component>
      <object_component id="oc-166">
         <name>.text:sl_Close</name>
         <load_address>0x2000b844</load_address>
         <run_address>0x2000b844</run_address>
         <size>0x30</size>
         <input_file_ref idref="fl-f0"/>
      </object_component>
      <object_component id="oc-10b">
         <name>.text:sl_WlanProfileDel</name>
         <load_address>0x2000b874</load_address>
         <run_address>0x2000b874</run_address>
         <size>0x30</size>
         <input_file_ref idref="fl-f1"/>
      </object_component>
      <object_component id="oc-f3">
         <name>.text:sl_WlanSetMode</name>
         <load_address>0x2000b8a4</load_address>
         <run_address>0x2000b8a4</run_address>
         <size>0x30</size>
         <input_file_ref idref="fl-f1"/>
      </object_component>
      <object_component id="oc-5b7">
         <name>.text</name>
         <load_address>0x2000b8d4</load_address>
         <run_address>0x2000b8d4</run_address>
         <size>0x2e</size>
         <input_file_ref idref="fl-df"/>
      </object_component>
      <object_component id="oc-267">
         <name>.text:NwpPowerOn</name>
         <load_address>0x2000b904</load_address>
         <run_address>0x2000b904</run_address>
         <size>0x2c</size>
         <input_file_ref idref="fl-f2"/>
      </object_component>
      <object_component id="oc-365">
         <name>.text:PRCMSysResetCauseGet</name>
         <load_address>0x2000b930</load_address>
         <run_address>0x2000b930</run_address>
         <size>0x2c</size>
         <input_file_ref idref="fl-f5"/>
      </object_component>
      <object_component id="oc-2e9">
         <name>.text</name>
         <load_address>0x2000b95c</load_address>
         <run_address>0x2000b95c</run_address>
         <size>0x2a</size>
         <input_file_ref idref="fl-e7"/>
      </object_component>
      <object_component id="oc-35f">
         <name>.text:PRCMPeripheralClkDisable</name>
         <load_address>0x2000b988</load_address>
         <run_address>0x2000b988</run_address>
         <size>0x28</size>
         <input_file_ref idref="fl-f5"/>
      </object_component>
      <object_component id="oc-472">
         <name>.text:DmaSpiSwIntHandler</name>
         <load_address>0x2000b9b0</load_address>
         <run_address>0x2000b9b0</run_address>
         <size>0x24</size>
         <input_file_ref idref="fl-f2"/>
      </object_component>
      <object_component id="oc-4a1">
         <name>.text:IntUnregister</name>
         <load_address>0x2000b9d4</load_address>
         <run_address>0x2000b9d4</run_address>
         <size>0x24</size>
         <input_file_ref idref="fl-f3"/>
      </object_component>
      <object_component id="oc-3ea">
         <name>.text:UARTEnable</name>
         <load_address>0x2000b9f8</load_address>
         <run_address>0x2000b9f8</run_address>
         <size>0x24</size>
         <input_file_ref idref="fl-f7"/>
      </object_component>
      <object_component id="oc-487">
         <name>.text:_SlDrvProtectionObjLockWaitForever</name>
         <load_address>0x2000ba1c</load_address>
         <run_address>0x2000ba1c</run_address>
         <size>0x24</size>
         <input_file_ref idref="fl-eb"/>
      </object_component>
      <object_component id="oc-210">
         <name>.text</name>
         <load_address>0x2000ba40</load_address>
         <run_address>0x2000ba40</run_address>
         <size>0x24</size>
         <input_file_ref idref="fl-c8"/>
      </object_component>
      <object_component id="oc-2ef">
         <name>.text</name>
         <load_address>0x2000ba64</load_address>
         <run_address>0x2000ba64</run_address>
         <size>0x24</size>
         <input_file_ref idref="fl-e6"/>
      </object_component>
      <object_component id="oc-430">
         <name>.text:SPIReset</name>
         <load_address>0x2000ba88</load_address>
         <run_address>0x2000ba88</run_address>
         <size>0x22</size>
         <input_file_ref idref="fl-f6"/>
      </object_component>
      <object_component id="oc-6c7">
         <name>.text:SPIWordCountSet</name>
         <load_address>0x2000baaa</load_address>
         <run_address>0x2000baaa</run_address>
         <size>0x22</size>
         <input_file_ref idref="fl-f6"/>
      </object_component>
      <object_component id="oc-45a">
         <name>.text:IntRegister</name>
         <load_address>0x2000bacc</load_address>
         <run_address>0x2000bacc</run_address>
         <size>0x20</size>
         <input_file_ref idref="fl-f3"/>
      </object_component>
      <object_component id="oc-48d">
         <name>.text:_SlDrvProtectionObjUnLock</name>
         <load_address>0x2000baec</load_address>
         <run_address>0x2000baec</run_address>
         <size>0x20</size>
         <input_file_ref idref="fl-eb"/>
      </object_component>
      <object_component id="oc-1f2">
         <name>.text:UARTCharPut</name>
         <load_address>0x2000bb0c</load_address>
         <run_address>0x2000bb0c</run_address>
         <size>0x1e</size>
         <input_file_ref idref="fl-f7"/>
      </object_component>
      <object_component id="oc-4ed">
         <name>.text:_SlDrvObjLockWaitForever</name>
         <load_address>0x2000bb2a</load_address>
         <run_address>0x2000bb2a</run_address>
         <size>0x1e</size>
         <input_file_ref idref="fl-eb"/>
      </object_component>
      <object_component id="oc-26d">
         <name>.text:_SlDrvSyncObjWaitForever</name>
         <load_address>0x2000bb48</load_address>
         <run_address>0x2000bb48</run_address>
         <size>0x1e</size>
         <input_file_ref idref="fl-eb"/>
      </object_component>
      <object_component id="oc-442">
         <name>.text:cc_UDMAChannelSelect</name>
         <load_address>0x2000bb66</load_address>
         <run_address>0x2000bb66</run_address>
         <size>0x1e</size>
         <input_file_ref idref="fl-f2"/>
      </object_component>
      <object_component id="oc-204">
         <name>.text:UARTCharGetNonBlocking</name>
         <load_address>0x2000bb84</load_address>
         <run_address>0x2000bb84</run_address>
         <size>0x1c</size>
         <input_file_ref idref="fl-f7"/>
      </object_component>
      <object_component id="oc-1aa">
         <name>.text</name>
         <load_address>0x2000bba0</load_address>
         <run_address>0x2000bba0</run_address>
         <size>0x1c</size>
         <input_file_ref idref="fl-3"/>
      </object_component>
      <object_component id="oc-5d3">
         <name>.text</name>
         <load_address>0x2000bbbc</load_address>
         <run_address>0x2000bbbc</run_address>
         <size>0x1c</size>
         <input_file_ref idref="fl-e1"/>
      </object_component>
      <object_component id="oc-3a2">
         <name>.text:uDMAChannelDisable</name>
         <load_address>0x2000bbd8</load_address>
         <run_address>0x2000bbd8</run_address>
         <size>0x1c</size>
         <input_file_ref idref="fl-f8"/>
      </object_component>
      <object_component id="oc-3c6">
         <name>.text:uDMAChannelEnable</name>
         <load_address>0x2000bbf4</load_address>
         <run_address>0x2000bbf4</run_address>
         <size>0x1c</size>
         <input_file_ref idref="fl-f8"/>
      </object_component>
      <object_component id="oc-39c">
         <name>.text:uDMAChannelRequest</name>
         <load_address>0x2000bc10</load_address>
         <run_address>0x2000bc10</run_address>
         <size>0x1c</size>
         <input_file_ref idref="fl-f8"/>
      </object_component>
      <object_component id="oc-3d7">
         <name>.text:PinTypeUART</name>
         <load_address>0x2000bc2c</load_address>
         <run_address>0x2000bc2c</run_address>
         <size>0x1a</size>
         <input_file_ref idref="fl-f4"/>
      </object_component>
      <object_component id="oc-516">
         <name>.text:SPIDmaDisable</name>
         <load_address>0x2000bc46</load_address>
         <run_address>0x2000bc46</run_address>
         <size>0x1a</size>
         <input_file_ref idref="fl-f6"/>
      </object_component>
      <object_component id="oc-44e">
         <name>.text:SPIDmaEnable</name>
         <load_address>0x2000bc60</load_address>
         <run_address>0x2000bc60</run_address>
         <size>0x1a</size>
         <input_file_ref idref="fl-f6"/>
      </object_component>
      <object_component id="oc-510">
         <name>.text:SPIFIFODisable</name>
         <load_address>0x2000bc7a</load_address>
         <run_address>0x2000bc7a</run_address>
         <size>0x1a</size>
         <input_file_ref idref="fl-f6"/>
      </object_component>
      <object_component id="oc-448">
         <name>.text:SPIFIFOEnable</name>
         <load_address>0x2000bc94</load_address>
         <run_address>0x2000bc94</run_address>
         <size>0x1a</size>
         <input_file_ref idref="fl-f6"/>
      </object_component>
      <object_component id="oc-50a">
         <name>.text:SPIIntUnregister</name>
         <load_address>0x2000bcae</load_address>
         <run_address>0x2000bcae</run_address>
         <size>0x1a</size>
         <input_file_ref idref="fl-f6"/>
      </object_component>
      <object_component id="oc-4ff">
         <name>.text:_SlDrvObjUnLock</name>
         <load_address>0x2000bcc8</load_address>
         <run_address>0x2000bcc8</run_address>
         <size>0x1a</size>
         <input_file_ref idref="fl-eb"/>
      </object_component>
      <object_component id="oc-4bc">
         <name>.text:_SlDrvSyncObjSignal</name>
         <load_address>0x2000bce2</load_address>
         <run_address>0x2000bce2</run_address>
         <size>0x1a</size>
         <input_file_ref idref="fl-eb"/>
      </object_component>
      <object_component id="oc-424">
         <name>.text:SPICSDisable</name>
         <load_address>0x2000bcfc</load_address>
         <run_address>0x2000bcfc</run_address>
         <size>0x18</size>
         <input_file_ref idref="fl-f6"/>
      </object_component>
      <object_component id="oc-6c1">
         <name>.text:SPICSEnable</name>
         <load_address>0x2000bd14</load_address>
         <run_address>0x2000bd14</run_address>
         <size>0x18</size>
         <input_file_ref idref="fl-f6"/>
      </object_component>
      <object_component id="oc-42a">
         <name>.text:SPIDisable</name>
         <load_address>0x2000bd2c</load_address>
         <run_address>0x2000bd2c</run_address>
         <size>0x18</size>
         <input_file_ref idref="fl-f6"/>
      </object_component>
      <object_component id="oc-466">
         <name>.text:SPIEnable</name>
         <load_address>0x2000bd44</load_address>
         <run_address>0x2000bd44</run_address>
         <size>0x18</size>
         <input_file_ref idref="fl-f6"/>
      </object_component>
      <object_component id="oc-1fe">
         <name>.text:UARTCharsAvail</name>
         <load_address>0x2000bd5c</load_address>
         <run_address>0x2000bd5c</run_address>
         <size>0x18</size>
         <input_file_ref idref="fl-f7"/>
      </object_component>
      <object_component id="oc-414">
         <name>.text:_SlNonOsSemSet</name>
         <load_address>0x2000bd74</load_address>
         <run_address>0x2000bd74</run_address>
         <size>0x18</size>
         <input_file_ref idref="fl-ef"/>
      </object_component>
      <object_component id="oc-279">
         <name>.text:_sl_GetStartResponseConvert</name>
         <load_address>0x2000bd8c</load_address>
         <run_address>0x2000bd8c</run_address>
         <size>0x18</size>
         <input_file_ref idref="fl-ea"/>
      </object_component>
      <object_component id="oc-6d">
         <name>.text</name>
         <load_address>0x2000bda4</load_address>
         <run_address>0x2000bda4</run_address>
         <size>0x18</size>
         <input_file_ref idref="fl-d4"/>
      </object_component>
      <object_component id="oc-347">
         <name>.text:PRCMHIBRegRead</name>
         <load_address>0x2000bdbc</load_address>
         <run_address>0x2000bdbc</run_address>
         <size>0x16</size>
         <input_file_ref idref="fl-f5"/>
      </object_component>
      <object_component id="oc-34d">
         <name>.text:PRCMHIBRegWrite</name>
         <load_address>0x2000bdd2</load_address>
         <run_address>0x2000bdd2</run_address>
         <size>0x16</size>
         <input_file_ref idref="fl-f5"/>
      </object_component>
      <object_component id="oc-331">
         <name>.text:_SlDrvMemZero</name>
         <load_address>0x2000bde8</load_address>
         <run_address>0x2000bde8</run_address>
         <size>0x16</size>
         <input_file_ref idref="fl-eb"/>
      </object_component>
      <object_component id="oc-5cd">
         <name>.text</name>
         <load_address>0x2000bdfe</load_address>
         <run_address>0x2000bdfe</run_address>
         <size>0x16</size>
         <input_file_ref idref="fl-e5"/>
      </object_component>
      <object_component id="oc-37e">
         <name>.text:uDMAIntRegister</name>
         <load_address>0x2000be14</load_address>
         <run_address>0x2000be14</run_address>
         <size>0x16</size>
         <input_file_ref idref="fl-f8"/>
      </object_component>
      <object_component id="oc-33c">
         <name>.text:CPUcpsie</name>
         <load_address>0x2000be2a</load_address>
         <run_address>0x2000be2a</run_address>
         <size>0x14</size>
         <input_file_ref idref="fl-fa"/>
      </object_component>
      <object_component id="oc-18a">
         <name>.text:IntVTableBaseSet</name>
         <load_address>0x2000be40</load_address>
         <run_address>0x2000be40</run_address>
         <size>0x14</size>
         <input_file_ref idref="fl-f3"/>
      </object_component>
      <object_component id="oc-1d3">
         <name>.text</name>
         <load_address>0x2000be54</load_address>
         <run_address>0x2000be54</run_address>
         <size>0x14</size>
         <input_file_ref idref="fl-d2"/>
      </object_component>
      <object_component id="oc-20a">
         <name>.text</name>
         <load_address>0x2000be68</load_address>
         <run_address>0x2000be68</run_address>
         <size>0x14</size>
         <input_file_ref idref="fl-ce"/>
      </object_component>
      <object_component id="oc-38a">
         <name>.text:uDMAControlBaseSet</name>
         <load_address>0x2000be7c</load_address>
         <run_address>0x2000be7c</run_address>
         <size>0x14</size>
         <input_file_ref idref="fl-f8"/>
      </object_component>
      <object_component id="oc-372">
         <name>.text:uDMAIntClear</name>
         <load_address>0x2000be90</load_address>
         <run_address>0x2000be90</run_address>
         <size>0x14</size>
         <input_file_ref idref="fl-f8"/>
      </object_component>
      <object_component id="oc-3a8">
         <name>.text:uDMAIntUnregister</name>
         <load_address>0x2000bea4</load_address>
         <run_address>0x2000bea4</run_address>
         <size>0x12</size>
         <input_file_ref idref="fl-f8"/>
      </object_component>
      <object_component id="oc-2bc">
         <name>.text:_SlDrvResetCmdExt</name>
         <load_address>0x2000beb6</load_address>
         <run_address>0x2000beb6</run_address>
         <size>0xe</size>
         <input_file_ref idref="fl-eb"/>
      </object_component>
      <object_component id="oc-12">
         <name>.text:decompress:none</name>
         <load_address>0x2000bec4</load_address>
         <run_address>0x2000bec4</run_address>
         <size>0xe</size>
         <input_file_ref idref="fl-c3"/>
      </object_component>
      <object_component id="oc-2d">
         <name>.text</name>
         <load_address>0x2000bed2</load_address>
         <run_address>0x2000bed2</run_address>
         <size>0xe</size>
         <input_file_ref idref="fl-4"/>
      </object_component>
      <object_component id="oc-494">
         <name>.text:NwpMaskInterrupt</name>
         <load_address>0x2000bee0</load_address>
         <run_address>0x2000bee0</run_address>
         <size>0xc</size>
         <input_file_ref idref="fl-f2"/>
      </object_component>
      <object_component id="oc-4ae">
         <name>.text:NwpUnMaskInterrupt</name>
         <load_address>0x2000beec</load_address>
         <run_address>0x2000beec</run_address>
         <size>0xc</size>
         <input_file_ref idref="fl-f2"/>
      </object_component>
      <object_component id="oc-111">
         <name>.text:sl_WlanDisconnect</name>
         <load_address>0x2000bef8</load_address>
         <run_address>0x2000bef8</run_address>
         <size>0xc</size>
         <input_file_ref idref="fl-f1"/>
      </object_component>
      <object_component id="oc-3ae">
         <name>.text:uDMADisable</name>
         <load_address>0x2000bf04</load_address>
         <run_address>0x2000bf04</run_address>
         <size>0xc</size>
         <input_file_ref idref="fl-f8"/>
      </object_component>
      <object_component id="oc-384">
         <name>.text:uDMAEnable</name>
         <load_address>0x2000bf10</load_address>
         <run_address>0x2000bf10</run_address>
         <size>0xc</size>
         <input_file_ref idref="fl-f8"/>
      </object_component>
      <object_component id="oc-36c">
         <name>.text:uDMAIntStatus</name>
         <load_address>0x2000bf1c</load_address>
         <run_address>0x2000bf1c</run_address>
         <size>0xc</size>
         <input_file_ref idref="fl-f8"/>
      </object_component>
      <object_component id="oc-190">
         <name>.text:IntMasterEnable</name>
         <load_address>0x2000bf28</load_address>
         <run_address>0x2000bf28</run_address>
         <size>0xa</size>
         <input_file_ref idref="fl-f3"/>
      </object_component>
      <object_component id="oc-683">
         <name>.text</name>
         <load_address>0x2000bf32</load_address>
         <run_address>0x2000bf32</run_address>
         <size>0x8</size>
         <input_file_ref idref="fl-e9"/>
      </object_component>
      <object_component id="oc-412">
         <name>.text:UtilsDelay</name>
         <load_address>0x2000bf3a</load_address>
         <run_address>0x2000bf3a</run_address>
         <size>0x6</size>
         <input_file_ref idref="fl-f9"/>
      </object_component>
      <object_component id="oc-18">
         <name>.text:decompress:rle24</name>
         <load_address>0x2000bf40</load_address>
         <run_address>0x2000bf40</run_address>
         <size>0x6</size>
         <input_file_ref idref="fl-c4"/>
      </object_component>
      <object_component id="oc-61">
         <name>.text</name>
         <load_address>0x2000bf46</load_address>
         <run_address>0x2000bf46</run_address>
         <size>0x4</size>
         <input_file_ref idref="fl-cc"/>
      </object_component>
      <object_component id="oc-2fa">
         <name>.const:.string:_ctypes_</name>
         <load_address>0x2000bf4c</load_address>
         <run_address>0x2000bf4c</run_address>
         <size>0x101</size>
         <input_file_ref idref="fl-d8"/>
      </object_component>
      <object_component id="oc-66d">
         <name>.const:g_ulPinToPadMap</name>
         <load_address>0x2000c050</load_address>
         <run_address>0x2000c050</run_address>
         <size>0x100</size>
         <input_file_ref idref="fl-f4"/>
      </object_component>
      <object_component id="oc-566">
         <name>.const:g_pulRegs</name>
         <load_address>0x2000c150</load_address>
         <run_address>0x2000c150</run_address>
         <size>0xd4</size>
         <input_file_ref idref="fl-f3"/>
      </object_component>
      <object_component id="oc-337">
         <name>.const:$P$T0$1</name>
         <load_address>0x2000c224</load_address>
         <run_address>0x2000c224</run_address>
         <size>0xb0</size>
         <input_file_ref idref="fl-f1"/>
      </object_component>
      <object_component id="oc-55c">
         <name>.const:PRCM_PeriphRegsList</name>
         <load_address>0x2000c2d4</load_address>
         <run_address>0x2000c2d4</run_address>
         <size>0xa8</size>
         <input_file_ref idref="fl-f5"/>
      </object_component>
      <object_component id="oc-343">
         <name>.const</name>
         <load_address>0x2000c37c</load_address>
         <run_address>0x2000c37c</run_address>
         <size>0x80</size>
         <input_file_ref idref="fl-f3"/>
      </object_component>
      <object_component id="oc-6b7">
         <name>.const:OpcodeTranslateTable</name>
         <load_address>0x2000c3fc</load_address>
         <run_address>0x2000c3fc</run_address>
         <size>0x3c</size>
         <input_file_ref idref="fl-eb"/>
      </object_component>
      <object_component id="oc-29d">
         <name>.const</name>
         <load_address>0x2000c438</load_address>
         <run_address>0x2000c438</run_address>
         <size>0x3c</size>
         <input_file_ref idref="fl-f1"/>
      </object_component>
      <object_component id="oc-713">
         <name>.const:_SlActionLookupTable</name>
         <load_address>0x2000c474</load_address>
         <run_address>0x2000c474</run_address>
         <size>0x38</size>
         <input_file_ref idref="fl-eb"/>
      </object_component>
      <object_component id="oc-302">
         <name>.const</name>
         <load_address>0x2000c4ac</load_address>
         <run_address>0x2000c4ac</run_address>
         <size>0x38</size>
         <input_file_ref idref="fl-ec"/>
      </object_component>
      <object_component id="oc-521">
         <name>.const</name>
         <load_address>0x2000c4e4</load_address>
         <run_address>0x2000c4e4</run_address>
         <size>0x34</size>
         <input_file_ref idref="fl-eb"/>
      </object_component>
      <object_component id="oc-316">
         <name>.const</name>
         <load_address>0x2000c518</load_address>
         <run_address>0x2000c518</run_address>
         <size>0x34</size>
         <input_file_ref idref="fl-f0"/>
      </object_component>
      <object_component id="oc-12f">
         <name>.const:$P$T1$2</name>
         <load_address>0x2000c54c</load_address>
         <run_address>0x2000c54c</run_address>
         <size>0x2c</size>
         <input_file_ref idref="fl-2"/>
      </object_component>
      <object_component id="oc-529">
         <name>.const</name>
         <load_address>0x2000c578</load_address>
         <run_address>0x2000c578</run_address>
         <size>0x28</size>
         <input_file_ref idref="fl-ed"/>
      </object_component>
      <object_component id="oc-6d4">
         <name>.const:g_ppulSPIIntMap</name>
         <load_address>0x2000c5a0</load_address>
         <run_address>0x2000c5a0</run_address>
         <size>0x24</size>
         <input_file_ref idref="fl-f6"/>
      </object_component>
      <object_component id="oc-135">
         <name>.const:.string:$P$T0$1</name>
         <load_address>0x2000c5c4</load_address>
         <run_address>0x2000c5c4</run_address>
         <size>0x22</size>
         <input_file_ref idref="fl-2"/>
      </object_component>
      <object_component id="oc-698">
         <name>.const</name>
         <load_address>0x2000c5e8</load_address>
         <run_address>0x2000c5e8</run_address>
         <size>0x18</size>
         <input_file_ref idref="fl-f6"/>
      </object_component>
      <object_component id="oc-132">
         <name>.const:$P$T2$3</name>
         <load_address>0x2000c600</load_address>
         <run_address>0x2000c600</run_address>
         <size>0x14</size>
         <input_file_ref idref="fl-2"/>
      </object_component>
      <object_component id="oc-2b3">
         <name>.const</name>
         <load_address>0x2000c614</load_address>
         <run_address>0x2000c614</run_address>
         <size>0x14</size>
         <input_file_ref idref="fl-ea"/>
      </object_component>
      <object_component id="oc-1a2">
         <name>.const:.string:$P$T3$4</name>
         <load_address>0x2000c628</load_address>
         <run_address>0x2000c628</run_address>
         <size>0xd</size>
         <input_file_ref idref="fl-2"/>
      </object_component>
      <object_component id="oc-1b0">
         <name>.const:$P$T5$6</name>
         <load_address>0x2000c638</load_address>
         <run_address>0x2000c638</run_address>
         <size>0xc</size>
         <input_file_ref idref="fl-2"/>
      </object_component>
      <object_component id="oc-1b3">
         <name>.const:.string:$P$T4$5</name>
         <load_address>0x2000c644</load_address>
         <run_address>0x2000c644</run_address>
         <size>0xc</size>
         <input_file_ref idref="fl-2"/>
      </object_component>
      <object_component id="oc-4c3">
         <name>.const:.string</name>
         <load_address>0x2000c650</load_address>
         <run_address>0x2000c650</run_address>
         <size>0x8</size>
         <input_file_ref idref="fl-ea"/>
      </object_component>
      <object_component id="oc-2d1">
         <name>.const</name>
         <load_address>0x2000c658</load_address>
         <run_address>0x2000c658</run_address>
         <size>0x8</size>
         <input_file_ref idref="fl-ee"/>
      </object_component>
      <object_component id="oc-1b4">
         <name>.const:.string:$P$T6$7</name>
         <load_address>0x2000c660</load_address>
         <run_address>0x2000c660</run_address>
         <size>0x5</size>
         <input_file_ref idref="fl-2"/>
      </object_component>
      <object_component id="oc-78b">
         <name>.cinit..data.load</name>
         <load_address>0x2000c668</load_address>
         <run_address>0x2000c668</run_address>
         <size>0x34</size>
      </object_component>
      <object_component id="oc-78c">
         <name>.cinit..bss.load</name>
         <load_address>0x2000c6a0</load_address>
         <run_address>0x2000c6a0</run_address>
         <size>0xb</size>
      </object_component>
      <object_component id="oc-789">
         <name>__TI_handler_table</name>
         <load_address>0x2000c6ac</load_address>
         <run_address>0x2000c6ac</run_address>
         <size>0x8</size>
      </object_component>
      <object_component id="oc-78a">
         <name>__TI_cinit_table</name>
         <load_address>0x2000c6b4</load_address>
         <run_address>0x2000c6b4</run_address>
         <size>0x10</size>
      </object_component>
      <object_component id="oc-e0">
         <name>.data</name>
         <load_address>0x20018318</load_address>
         <run_address>0x20018318</run_address>
         <size>0x1c</size>
         <input_file_ref idref="fl-2"/>
      </object_component>
      <object_component id="oc-b4">
         <name>.data:$O1$$</name>
         <load_address>0x20018334</load_address>
         <run_address>0x20018334</run_address>
         <size>0xc</size>
         <input_file_ref idref="fl-c6"/>
      </object_component>
      <object_component id="oc-40a">
         <name>.data:$O1$$</name>
         <load_address>0x20018340</load_address>
         <run_address>0x20018340</run_address>
         <size>0xc</size>
         <input_file_ref idref="fl-c9"/>
      </object_component>
      <object_component id="oc-79">
         <name>.data</name>
         <load_address>0x20018370</load_address>
         <run_address>0x20018370</run_address>
         <size>0x4</size>
         <input_file_ref idref="fl-cd"/>
      </object_component>
      <object_component id="oc-2f5">
         <name>.data</name>
         <load_address>0x20018374</load_address>
         <run_address>0x20018374</run_address>
         <size>0x4</size>
         <input_file_ref idref="fl-cf"/>
      </object_component>
      <object_component id="oc-b7">
         <name>.data:$O1$$</name>
         <load_address>0x20018364</load_address>
         <run_address>0x20018364</run_address>
         <size>0x8</size>
         <input_file_ref idref="fl-d2"/>
      </object_component>
      <object_component id="oc-2fd">
         <name>.data</name>
         <load_address>0x2001836c</load_address>
         <run_address>0x2001836c</run_address>
         <size>0x4</size>
         <input_file_ref idref="fl-d9"/>
      </object_component>
      <object_component id="oc-27f">
         <name>.data</name>
         <load_address>0x20018358</load_address>
         <run_address>0x20018358</run_address>
         <size>0x9</size>
         <input_file_ref idref="fl-eb"/>
      </object_component>
      <object_component id="oc-46c">
         <name>.data</name>
         <load_address>0x2001834c</load_address>
         <run_address>0x2001834c</run_address>
         <size>0x9</size>
         <input_file_ref idref="fl-f2"/>
      </object_component>
      <object_component id="oc-21c">
         <name>.bss</name>
         <uninitialized>true</uninitialized>
         <run_address>0x20017b0c</run_address>
         <size>0x4</size>
         <input_file_ref idref="fl-5"/>
      </object_component>
      <object_component id="oc-420">
         <name>.bss:g_StatMem</name>
         <uninitialized>true</uninitialized>
         <run_address>0x20017800</run_address>
         <size>0x168</size>
         <input_file_ref idref="fl-eb"/>
      </object_component>
      <object_component id="oc-28f">
         <name>.bss:g__SlNonOsCB</name>
         <uninitialized>true</uninitialized>
         <run_address>0x20017ab8</run_address>
         <size>0x28</size>
         <input_file_ref idref="fl-ef"/>
      </object_component>
      <object_component id="oc-46f">
         <name>.bss:g_ucDinDout</name>
         <uninitialized>true</uninitialized>
         <run_address>0x20017a68</run_address>
         <size>0x50</size>
         <input_file_ref idref="fl-f2"/>
      </object_component>
      <object_component id="oc-e3">
         <name>.common:g_ucConnectionSSID</name>
         <uninitialized>true</uninitialized>
         <run_address>0x20017ae0</run_address>
         <size>0x24</size>
      </object_component>
      <object_component id="oc-e6">
         <name>.common:g_ucConnectionBSSID</name>
         <uninitialized>true</uninitialized>
         <run_address>0x20017b04</run_address>
         <size>0x8</size>
      </object_component>
      <object_component id="oc-1a3">
         <name>.common:g_cBsdBuf</name>
[...]
         <value>0x2000acd1</value>
         <object_component_ref idref="oc-41a"/>
      </symbol>
      <symbol id="sm-b21">
         <name>_SlNonOsMainLoopTask</name>
         <value>0x2000a859</value>
         <object_component_ref idref="oc-ed"/>
      </symbol>
      <symbol id="sm-b22">
         <name>g__SlNonOsCB</name>
         <value>0x20017ab8</value>
         <object_component_ref idref="oc-28f"/>
      </symbol>
      <symbol id="sm-bc1">
         <name>sl_Recv</name>
         <value>0x2000a7e5</value>
         <object_component_ref idref="oc-16c"/>
      </symbol>
      <symbol id="sm-bc2">
         <name>_SlSockCloseCmdCtrl</name>
         <value>0x2000c51c</value>
         <object_component_ref idref="oc-316"/>
      </symbol>
      <symbol id="sm-bc3">
         <name>_SlSendCmdCtrl</name>
         <value>0x2000c524</value>
         <object_component_ref idref="oc-316"/>
      </symbol>
      <symbol id="sm-bc4">
         <name>_sl_BuildAddress</name>
         <value>0x2000b219</value>
         <object_component_ref idref="oc-31f"/>
      </symbol>
      <symbol id="sm-bc5">
         <name>_sl_HandleAsync_Connect</name>
         <value>0x2000a605</value>
         <object_component_ref idref="oc-74d"/>
      </symbol>
      <symbol id="sm-bc6">
         <name>sl_Htonl</name>
         <value>0x2000b4a9</value>
         <object_component_ref idref="oc-154"/>
      </symbol>
      <symbol id="sm-bc7">
         <name>sl_Htons</name>
         <value>0x2000b665</value>
         <object_component_ref idref="oc-14e"/>
      </symbol>
      <symbol id="sm-bc8">
         <name>_SlSelectCmdCtrl</name>
         <value>0x2000c53c</value>
         <object_component_ref idref="oc-316"/>
      </symbol>
      <symbol id="sm-bc9">
         <name>sl_Connect</name>
         <value>0x200089fd</value>
         <object_component_ref idref="oc-160"/>
      </symbol>
      <symbol id="sm-bca">
         <name>sl_Socket</name>
         <value>0x2000ade5</value>
         <object_component_ref idref="oc-15a"/>
      </symbol>
      <symbol id="sm-bcb">
         <name>_sl_HandleAsync_Select</name>
         <value>0x2000af9d</value>
         <object_component_ref idref="oc-753"/>
      </symbol>
      <symbol id="sm-bcc">
         <name>_SlSockSocketCmdCtrl</name>
         <value>0x2000c518</value>
         <object_component_ref idref="oc-316"/>
      </symbol>
      <symbol id="sm-bcd">
         <name>_SlRecvfomCmdCtrl</name>
         <value>0x2000c520</value>
         <object_component_ref idref="oc-316"/>
      </symbol>
      <symbol id="sm-bce">
         <name>_SlSetSockOptCmdCtrl</name>
         <value>0x2000c534</value>
         <object_component_ref idref="oc-316"/>
      </symbol>
      <symbol id="sm-bcf">
         <name>_SlAcceptCmdCtrl</name>
         <value>0x2000c52c</value>
         <object_component_ref idref="oc-316"/>
      </symbol>
      <symbol id="sm-bd0">
         <name>_SlListenCmdCtrl</name>
         <value>0x2000c528</value>
         <object_component_ref idref="oc-316"/>
      </symbol>
      <symbol id="sm-bd1">
         <name>_SlRecvCmdCtrl</name>
         <value>0x2000c530</value>
         <object_component_ref idref="oc-316"/>
      </symbol>
      <symbol id="sm-bd2">
         <name>_SlGetSockOptCmdCtrl</name>
         <value>0x2000c538</value>
         <object_component_ref idref="oc-316"/>
      </symbol>
      <symbol id="sm-bd3">
         <name>sl_Close</name>
         <value>0x2000b845</value>
         <object_component_ref idref="oc-166"/>
      </symbol>
      <symbol id="sm-bd4">
         <name>_sl_HandleAsync_Accept</name>
         <value>0x2000ac11</value>
         <object_component_ref idref="oc-747"/>
      </symbol>
      <symbol id="sm-c62">
         <name>sl_WlanDisconnect</name>
         <value>0x2000bef9</value>
         <object_component_ref idref="oc-111"/>
      </symbol>
      <symbol id="sm-c63">
         <name>_SlPolicyGetCmdCtrl</name>
         <value>0x2000c43c</value>
         <object_component_ref idref="oc-29d"/>
      </symbol>
      <symbol id="sm-c64">
         <name>_SlPolicySetCmdCtrl</name>
         <value>0x2000c438</value>
         <object_component_ref idref="oc-29d"/>
      </symbol>
      <symbol id="sm-c65">
         <name>_SlRxFilterGetCmdCtrl</name>
         <value>0x2000c454</value>
         <object_component_ref idref="oc-29d"/>
      </symbol>
      <symbol id="sm-c66">
         <name>_SlRxFilterSetCmdCtrl</name>
         <value>0x2000c450</value>
         <object_component_ref idref="oc-29d"/>
      </symbol>
      <symbol id="sm-c67">
         <name>_SlProfileGetCmdCtrl</name>
         <value>0x2000c440</value>
         <object_component_ref idref="oc-29d"/>
      </symbol>
      <symbol id="sm-c68">
         <name>_SlWlanGetNetworkListCtrl</name>
         <value>0x2000c448</value>
         <object_component_ref idref="oc-29d"/>
      </symbol>
      <symbol id="sm-c69">
         <name>sl_WlanPolicySet</name>
         <value>0x2000ac71</value>
         <object_component_ref idref="oc-105"/>
      </symbol>
      <symbol id="sm-c6a">
         <name>_SlProfileDelCmdCtrl</name>
         <value>0x2000c444</value>
         <object_component_ref idref="oc-29d"/>
      </symbol>
      <symbol id="sm-c6b">
         <name>_SlWlanSetModeCmdCtrl</name>
         <value>0x2000c45c</value>
         <object_component_ref idref="oc-29d"/>
      </symbol>
      <symbol id="sm-c6c">
         <name>_SlWlanCfgSetCmdCtrl</name>
         <value>0x2000c460</value>
         <object_component_ref idref="oc-29d"/>
      </symbol>
      <symbol id="sm-c6d">
         <name>_SlWlanCfgGetCmdCtrl</name>
         <value>0x2000c464</value>
         <object_component_ref idref="oc-29d"/>
      </symbol>
      <symbol id="sm-c6e">
         <name>sl_WlanProfileDel</name>
         <value>0x2000b875</value>
         <object_component_ref idref="oc-10b"/>
      </symbol>
      <symbol id="sm-c6f">
         <name>_SlRxFilterAddtCmdCtrl</name>
         <value>0x2000c44c</value>
         <object_component_ref idref="oc-29d"/>
      </symbol>
      <symbol id="sm-c70">
         <name>sl_WlanRxFilterSet</name>
         <value>0x2000b045</value>
         <object_component_ref idref="oc-129"/>
      </symbol>
      <symbol id="sm-c71">
         <name>sl_WlanConnect</name>
         <value>0x2000742d</value>
         <object_component_ref idref="oc-184"/>
      </symbol>
      <symbol id="sm-c72">
         <name>sl_WlanSet</name>
         <value>0x2000aae1</value>
         <object_component_ref idref="oc-11d"/>
      </symbol>
      <symbol id="sm-c73">
         <name>_SlSmartConfigStartCmdCtrl</name>
         <value>0x2000c458</value>
         <object_component_ref idref="oc-29d"/>
      </symbol>
      <symbol id="sm-c74">
         <name>sl_WlanSetMode</name>
         <value>0x2000b8a5</value>
         <object_component_ref idref="oc-f3"/>
      </symbol>
      <symbol id="sm-d86">
         <name>g_cDummy</name>
         <value>0x20017b11</value>
      </symbol>
      <symbol id="sm-d87">
         <name>NwpMaskInterrupt</name>
         <value>0x2000bee1</value>
         <object_component_ref idref="oc-494"/>
      </symbol>
      <symbol id="sm-d88">
         <name>NwpRegisterInterruptHandler</name>
         <value>0x2000b5ad</value>
         <object_component_ref idref="oc-261"/>
      </symbol>
      <symbol id="sm-d89">
         <name>NwpPowerOnPreamble</name>
         <value>0x2000a309</value>
         <object_component_ref idref="oc-243"/>
      </symbol>
      <symbol id="sm-d8a">
         <name>g_pHostIntHdl</name>
         <value>0x20018350</value>
         <object_component_ref idref="oc-46c"/>
      </symbol>
      <symbol id="sm-d8b">
         <name>NwpUnMaskInterrupt</name>
         <value>0x2000beed</value>
         <object_component_ref idref="oc-4ae"/>
      </symbol>
      <symbol id="sm-d8c">
         <name>g_ucDinDout</name>
         <value>0x20017a68</value>
         <object_component_ref idref="oc-46f"/>
      </symbol>
      <symbol id="sm-d8d">
         <name>NwpPowerOff</name>
         <value>0x2000b6dd</value>
         <object_component_ref idref="oc-25b"/>
      </symbol>
      <symbol id="sm-d8e">
         <name>spi_Read</name>
         <value>0x20008ef5</value>
         <object_component_ref idref="oc-6aa"/>
      </symbol>
      <symbol id="sm-d8f">
         <name>DmaSpiSwIntHandler</name>
         <value>0x2000b9b1</value>
         <object_component_ref idref="oc-472"/>
      </symbol>
      <symbol id="sm-d90">
         <name>NwpPowerOn</name>
         <value>0x2000b905</value>
         <object_component_ref idref="oc-267"/>
      </symbol>
      <symbol id="sm-d91">
         <name>spi_Close</name>
         <value>0x2000a6f5</value>
         <object_component_ref idref="oc-2a7"/>
      </symbol>
      <symbol id="sm-d92">
         <name>spi_Write</name>
         <value>0x20009d09</value>
         <object_component_ref idref="oc-63c"/>
      </symbol>
      <symbol id="sm-d93">
         <name>spi_Open</name>
         <value>0x2000840d</value>
         <object_component_ref idref="oc-24f"/>
      </symbol>
      <symbol id="sm-d94">
         <name>g_ucDMAEnabled</name>
         <value>0x20018354</value>
         <object_component_ref idref="oc-46c"/>
      </symbol>
      <symbol id="sm-d95">
         <name>g_SpiFd</name>
         <value>0x2001834c</value>
         <object_component_ref idref="oc-46c"/>
      </symbol>
      <symbol id="sm-e1b">
         <name>IntPendClear</name>
         <value>0x2000ae41</value>
         <object_component_ref idref="oc-4a7"/>
      </symbol>
      <symbol id="sm-e1c">
         <name>IntPrioritySet</name>
         <value>0x2000af49</value>
         <object_component_ref idref="oc-378"/>
      </symbol>
      <symbol id="sm-e1d">
         <name>IntVTableBaseSet</name>
         <value>0x2000be41</value>
         <object_component_ref idref="oc-18a"/>
      </symbol>
      <symbol id="sm-e1e">
         <name>IntEnable</name>
         <value>0x20009955</value>
         <object_component_ref idref="oc-196"/>
      </symbol>
      <symbol id="sm-e1f">
         <name>IntDisable</name>
         <value>0x200098ad</value>
         <object_component_ref idref="oc-49b"/>
      </symbol>
      <symbol id="sm-e20">
         <name>IntRegister</name>
         <value>0x2000bacd</value>
         <object_component_ref idref="oc-45a"/>
      </symbol>
      <symbol id="sm-e21">
         <name>IntUnregister</name>
         <value>0x2000b9d5</value>
         <object_component_ref idref="oc-4a1"/>
      </symbol>
      <symbol id="sm-e22">
         <name>IntMasterEnable</name>
         <value>0x2000bf29</value>
         <object_component_ref idref="oc-190"/>
      </symbol>
      <symbol id="sm-e4f">
         <name>PinTypeUART</name>
         <value>0x2000bc2d</value>
         <object_component_ref idref="oc-3d7"/>
      </symbol>
      <symbol id="sm-e50">
         <name>PinConfigSet</name>
         <value>0x2000a065</value>
         <object_component_ref idref="oc-58a"/>
      </symbol>
      <symbol id="sm-e51">
         <name>PinModeSet</name>
         <value>0x2000b4ed</value>
         <object_component_ref idref="oc-584"/>
      </symbol>
      <symbol id="sm-ee0">
         <name>PRCMPeripheralReset</name>
         <value>0x2000ae99</value>
         <object_component_ref idref="oc-359"/>
      </symbol>
      <symbol id="sm-ee1">
         <name>PRCMPeripheralClkEnable</name>
         <value>0x2000b629</value>
         <object_component_ref idref="oc-353"/>
      </symbol>
      <symbol id="sm-ee2">
         <name>PRCMPeripheralClockGet</name>
         <value>0x20009da1</value>
         <object_component_ref idref="oc-1e6"/>
      </symbol>
      <symbol id="sm-ee3">
         <name>PRCMCC3200MCUInit</name>
         <value>0x20008689</value>
         <object_component_ref idref="oc-19c"/>
      </symbol>
      <symbol id="sm-ee4">
         <name>PRCMHIBRegWrite</name>
         <value>0x2000bdd3</value>
         <object_component_ref idref="oc-34d"/>
      </symbol>
      <symbol id="sm-ee5">
         <name>PRCMSysResetCauseGet</name>
         <value>0x2000b931</value>
         <object_component_ref idref="oc-365"/>
      </symbol>
      <symbol id="sm-ee6">
         <name>PRCMPeripheralStatusGet</name>
         <value>0x2000b74d</value>
         <object_component_ref idref="oc-43c"/>
      </symbol>
      <symbol id="sm-ee7">
         <name>PRCMPeripheralClkDisable</name>
         <value>0x2000b989</value>
         <object_component_ref idref="oc-35f"/>
      </symbol>
      <symbol id="sm-ee8">
         <name>PRCMHIBRegRead</name>
         <value>0x2000bdbd</value>
         <object_component_ref idref="oc-347"/>
      </symbol>
      <symbol id="sm-fa3">
         <name>SPIFIFODisable</name>
         <value>0x2000bc7b</value>
         <object_component_ref idref="oc-510"/>
      </symbol>
      <symbol id="sm-fa4">
         <name>SPICSEnable</name>
         <value>0x2000bd15</value>
         <object_component_ref idref="oc-6c1"/>
      </symbol>
      <symbol id="sm-fa5">
         <name>SPIDisable</name>
         <value>0x2000bd2d</value>
         <object_component_ref idref="oc-42a"/>
      </symbol>
      <symbol id="sm-fa6">
         <name>SPIFIFOEnable</name>
         <value>0x2000bc95</value>
         <object_component_ref idref="oc-448"/>
      </symbol>
      <symbol id="sm-fa7">
         <name>SPIWordCountSet</name>
         <value>0x2000baab</value>
         <object_component_ref idref="oc-6c7"/>
      </symbol>
      <symbol id="sm-fa8">
         <name>SPIEnable</name>
         <value>0x2000bd45</value>
         <object_component_ref idref="oc-466"/>
      </symbol>
      <symbol id="sm-fa9">
         <name>SPIDmaEnable</name>
         <value>0x2000bc61</value>
         <object_component_ref idref="oc-44e"/>
      </symbol>
      <symbol id="sm-faa">
         <name>SPIConfigSetExpClk</name>
         <value>0x200099fd</value>
         <object_component_ref idref="oc-436"/>
      </symbol>
      <symbol id="sm-fab">
         <name>SPIIntUnregister</name>
         <value>0x2000bcaf</value>
         <object_component_ref idref="oc-50a"/>
      </symbol>
      <symbol id="sm-fac">
         <name>SPIFIFOLevelSet</name>
         <value>0x2000b781</value>
         <object_component_ref idref="oc-454"/>
      </symbol>
      <symbol id="sm-fad">
         <name>SPIDmaDisable</name>
         <value>0x2000bc47</value>
         <object_component_ref idref="oc-516"/>
      </symbol>
      <symbol id="sm-fae">
         <name>SPIReset</name>
         <value>0x2000ba89</value>
         <object_component_ref idref="oc-430"/>
      </symbol>
      <symbol id="sm-faf">
         <name>SPIIntEnable</name>
         <value>0x2000b0e9</value>
         <object_component_ref idref="oc-460"/>
      </symbol>
      <symbol id="sm-fb0">
         <name>SPIIntClear</name>
         <value>0x2000b349</value>
         <object_component_ref idref="oc-60d"/>
      </symbol>
      <symbol id="sm-fb1">
         <name>SPICSDisable</name>
         <value>0x2000bcfd</value>
         <object_component_ref idref="oc-424"/>
      </symbol>
      <symbol id="sm-fed">
         <name>UARTConfigSetExpClk</name>
         <value>0x2000a76d</value>
         <object_component_ref idref="oc-1ec"/>
      </symbol>
      <symbol id="sm-fee">
         <name>UARTDisable</name>
         <value>0x2000b7b5</value>
         <object_component_ref idref="oc-3e4"/>
      </symbol>
      <symbol id="sm-fef">
         <name>UARTCharsAvail</name>
         <value>0x2000bd5d</value>
         <object_component_ref idref="oc-1fe"/>
      </symbol>
      <symbol id="sm-ff0">
         <name>UARTCharGetNonBlocking</name>
         <value>0x2000bb85</value>
         <object_component_ref idref="oc-204"/>
      </symbol>
      <symbol id="sm-ff1">
         <name>UARTCharPut</name>
         <value>0x2000bb0d</value>
         <object_component_ref idref="oc-1f2"/>
      </symbol>
      <symbol id="sm-ff2">
         <name>UARTEnable</name>
         <value>0x2000b9f9</value>
         <object_component_ref idref="oc-3ea"/>
      </symbol>
      <symbol id="sm-109f">
         <name>uDMAChannelControlSet</name>
         <value>0x2000b6a1</value>
         <object_component_ref idref="oc-3b4"/>
      </symbol>
      <symbol id="sm-10a0">
         <name>uDMAIntClear</name>
         <value>0x2000be91</value>
         <object_component_ref idref="oc-372"/>
      </symbol>
      <symbol id="sm-10a1">
         <name>uDMAChannelDisable</name>
         <value>0x2000bbd9</value>
         <object_component_ref idref="oc-3a2"/>
      </symbol>
      <symbol id="sm-10a2">
         <name>uDMAIntUnregister</name>
         <value>0x2000bea5</value>
         <object_component_ref idref="oc-3a8"/>
      </symbol>
      <symbol id="sm-10a3">
         <name>uDMAChannelAttributeEnable</name>
         <value>0x2000abad</value>
         <object_component_ref idref="oc-3ba"/>
      </symbol>
      <symbol id="sm-10a4">
         <name>uDMADisable</name>
         <value>0x2000bf05</value>
         <object_component_ref idref="oc-3ae"/>
      </symbol>
      <symbol id="sm-10a5">
         <name>uDMAChannelTransferSet</name>
         <value>0x20008fe5</value>
         <object_component_ref idref="oc-3c0"/>
      </symbol>
      <symbol id="sm-10a6">
         <name>uDMAIntStatus</name>
         <value>0x2000bf1d</value>
         <object_component_ref idref="oc-36c"/>
      </symbol>
      <symbol id="sm-10a7">
         <name>uDMAChannelAssign</name>
         <value>0x2000b2fd</value>
         <object_component_ref idref="oc-390"/>
      </symbol>
      <symbol id="sm-10a8">
         <name>uDMAIntRegister</name>
         <value>0x2000be15</value>
         <object_component_ref idref="oc-37e"/>
      </symbol>
      <symbol id="sm-10a9">
         <name>uDMAEnable</name>
         <value>0x2000bf11</value>
         <object_component_ref idref="oc-384"/>
      </symbol>
      <symbol id="sm-10aa">
         <name>uDMAControlBaseSet</name>
         <value>0x2000be7d</value>
         <object_component_ref idref="oc-38a"/>
      </symbol>
      <symbol id="sm-10ab">
         <name>uDMAChannelAttributeDisable</name>
         <value>0x2000ab49</value>
         <object_component_ref idref="oc-396"/>
      </symbol>
      <symbol id="sm-10ac">
         <name>uDMAChannelEnable</name>
         <value>0x2000bbf5</value>
         <object_component_ref idref="oc-3c6"/>
      </symbol>
      <symbol id="sm-10ad">
         <name>uDMAChannelRequest</name>
         <value>0x2000bc11</value>
         <object_component_ref idref="oc-39c"/>
      </symbol>
      <symbol id="sm-10b1">
         <name>UtilsDelay</name>
         <value>0x2000bf3b</value>
         <object_component_ref idref="oc-412"/>
      </symbol>
      <symbol id="sm-10bb">
         <name>CPUcpsie</name>
         <value>0x2000be2b</value>
         <object_component_ref idref="oc-33c"/>
      </symbol>
      <symbol id="sm-10be">
         <name>__TI_static_base__</name>
         <value>0x2000c668</value>
      </symbol>
      <symbol id="sm-10c1">
         <name>SHT$$INIT_ARRAY$$Limit</name>
         <value>0x0</value>
      </symbol>
      <symbol id="sm-10c2">
         <name>SHT$$INIT_ARRAY$$Base</name>
         <value>0x0</value>
      </symbol>
   </symbol_table>
   <title>Link successful</title>
</link_info>
